
Memory Configuration

Name             Origin             Length             Attributes
flash            0x0000000000000000 0x0000000000020000 xr
sram             0x0000000020000000 0x0000000000005000 xrw
*default*        0x0000000000000000 0xffffffffffffffff

Linker script and memory map


.text           0x0000000000000000      0x1c0
 *(.vectors*)
 .vectors       0x0000000000000000       0x10 startup.o
                0x0000000000000000                g_p_fn_vectors
 *(.text*)
 .text          0x0000000000000010      0x120 main.o
                0x0000000000000010                main
 .text          0x0000000000000130       0x90 startup.o
                0x0000000000000130                H_Fault_Handler
                0x0000000000000130                Default_Handler
                0x0000000000000130                NMI_Handler
                0x000000000000013c                Reset_Handler
 *(.rodata)
                0x00000000000001c0                _E_text = .

.glue_7         0x00000000000001c0        0x0
 .glue_7        0x00000000000001c0        0x0 linker stubs

.glue_7t        0x00000000000001c0        0x0
 .glue_7t       0x00000000000001c0        0x0 linker stubs

.vfp11_veneer   0x00000000000001c0        0x0
 .vfp11_veneer  0x00000000000001c0        0x0 linker stubs

.v4_bx          0x00000000000001c0        0x0
 .v4_bx         0x00000000000001c0        0x0 linker stubs

.iplt           0x00000000000001c0        0x0
 .iplt          0x00000000000001c0        0x0 main.o

.rel.dyn        0x00000000000001c0        0x0
 .rel.iplt      0x00000000000001c0        0x0 main.o

.data           0x0000000020000000        0x0 load address 0x00000000000001c0
                0x0000000020000000                _S_DATA = .
 *(.data)
 .data          0x0000000020000000        0x0 main.o
 .data          0x0000000020000000        0x0 startup.o
                0x0000000020000000                . = ALIGN (0x4)
                0x0000000020000000                _E_DATA = .

.igot.plt       0x0000000020000000        0x0 load address 0x00000000000001c0
 .igot.plt      0x0000000020000000        0x0 main.o

.bss            0x0000000020000000      0x800 load address 0x00000000000001c0
                0x0000000020000000                _S_bss = .
 *(.bss*)
 .bss           0x0000000020000000        0x0 main.o
 .bss           0x0000000020000000      0x800 startup.o
                0x0000000020000800                _E_bss = .
LOAD main.o
LOAD startup.o
OUTPUT(Nouran-cortex_m4.elf elf32-littlearm)

.debug_info     0x0000000000000000      0x262
 .debug_info    0x0000000000000000       0xb3 main.o
 .debug_info    0x00000000000000b3      0x1af startup.o

.debug_abbrev   0x0000000000000000      0x13a
 .debug_abbrev  0x0000000000000000       0x67 main.o
 .debug_abbrev  0x0000000000000067       0xd3 startup.o

.debug_loc      0x0000000000000000       0xb4
 .debug_loc     0x0000000000000000       0x38 main.o
 .debug_loc     0x0000000000000038       0x7c startup.o

.debug_aranges  0x0000000000000000       0x40
 .debug_aranges
                0x0000000000000000       0x20 main.o
 .debug_aranges
                0x0000000000000020       0x20 startup.o

.debug_line     0x0000000000000000       0xf4
 .debug_line    0x0000000000000000       0x77 main.o
 .debug_line    0x0000000000000077       0x7d startup.o

.debug_str      0x0000000000000000      0x1bc
 .debug_str     0x0000000000000000      0x125 main.o
                                        0x143 (size before relaxing)
 .debug_str     0x0000000000000125       0x97 startup.o
                                        0x1c1 (size before relaxing)

.comment        0x0000000000000000       0x7b
 .comment       0x0000000000000000       0x7b main.o
                                         0x7c (size before relaxing)
 .comment       0x000000000000007b       0x7c startup.o

.ARM.attributes
                0x0000000000000000       0x33
 .ARM.attributes
                0x0000000000000000       0x33 main.o
 .ARM.attributes
                0x0000000000000033       0x33 startup.o

.debug_frame    0x0000000000000000       0x80
 .debug_frame   0x0000000000000000       0x30 main.o
 .debug_frame   0x0000000000000030       0x50 startup.o
