
Memory Configuration

Name             Origin             Length             Attributes
flash            0x08000000         0x00020000         xr
sram             0x20000000         0x00005000         xrw
*default*        0x00000000         0xffffffff

Linker script and memory map


.text           0x08000000      0x10c
 *(.vectors*)
 .vectors       0x08000000       0x50 startup.o
 *(.text*)
 .text          0x08000050       0xa8 main.o
                0x08000050                main
 .text          0x080000f8        0x8 startup.o
 *(.rodata)
 .rodata        0x08000100        0xc main.o
                0x08000100                const_variavles
                0x0800010c                _E_text = .

.glue_7         0x0800010c        0x0
 .glue_7        0x00000000        0x0 linker stubs

.glue_7t        0x0800010c        0x0
 .glue_7t       0x00000000        0x0 linker stubs

.vfp11_veneer   0x0800010c        0x0
 .vfp11_veneer  0x00000000        0x0 linker stubs

.v4_bx          0x0800010c        0x0
 .v4_bx         0x00000000        0x0 linker stubs

.iplt           0x0800010c        0x0
 .iplt          0x00000000        0x0 main.o

.rel.dyn        0x0800010c        0x0
 .rel.iplt      0x00000000        0x0 main.o

.data           0x20000000       0x10 load address 0x0800010c
                0x20000000                _S_DATA = .
 *(.data)
 .data          0x20000000       0x10 main.o
                0x20000000                R_ODR
                0x20000004                global_variables
 .data          0x20000010        0x0 startup.o
                0x20000010                . = ALIGN (0x4)
                0x20000010                _E_DATA = .

.igot.plt       0x20000010        0x0 load address 0x0800011c
 .igot.plt      0x00000000        0x0 main.o

.bss            0x20000010     0x1000 load address 0x0800011c
                0x20000010                _S_bss = .
 *(.bss*)
 .bss           0x20000010        0x0 main.o
 .bss           0x20000010        0x0 startup.o
                0x20000010                _E_bss = .
                0x20000010                . = ALIGN (0x4)
                0x20001010                . = (. + 0x1000)
 *fill*         0x20000010     0x1000 
                0x20001010                _stack_top = .
LOAD main.o
LOAD startup.o
OUTPUT(learn-in-depth-cortex_m3.elf elf32-littlearm)

.comment        0x00000000       0x11
 .comment       0x00000000       0x11 main.o
                                 0x12 (size before relaxing)

.ARM.attributes
                0x00000000       0x31
 .ARM.attributes
                0x00000000       0x33 main.o
 .ARM.attributes
                0x00000033       0x21 startup.o
