
Memory Configuration

Name             Origin             Length             Attributes
flash            0x0000000008000000 0x0000000000020000 xr
sram             0x0000000020000000 0x0000000000005000 xrw
*default*        0x0000000000000000 0xffffffffffffffff

Linker script and memory map


.text           0x0000000008000000      0x14c
 *(.vectors*)
 .vectors       0x0000000008000000       0x1c startup.o
                0x0000000008000000                vectors
 *(.text*)
 .text          0x000000000800001c       0x94 main.o
                0x000000000800001c                NMI_Hnadler
                0x0000000008000028                Bus_Fault
                0x0000000008000034                main
 .text          0x00000000080000b0       0x90 startup.o
                0x00000000080000b0                H_Fault_Handler
                0x00000000080000b0                MM_Fault_Handler
                0x00000000080000b0                Usage_Fault_Handler
                0x00000000080000b0                Default_Handler
                0x00000000080000b0                NMI_Handler
                0x00000000080000bc                Reset_Handler
 *(.rodata)
 .rodata        0x0000000008000140        0xc main.o
                0x0000000008000140                const_variavles
                0x000000000800014c                _E_text = .

.glue_7         0x000000000800014c        0x0
 .glue_7        0x000000000800014c        0x0 linker stubs

.glue_7t        0x000000000800014c        0x0
 .glue_7t       0x000000000800014c        0x0 linker stubs

.vfp11_veneer   0x000000000800014c        0x0
 .vfp11_veneer  0x000000000800014c        0x0 linker stubs

.v4_bx          0x000000000800014c        0x0
 .v4_bx         0x000000000800014c        0x0 linker stubs

.iplt           0x000000000800014c        0x0
 .iplt          0x000000000800014c        0x0 main.o

.rel.dyn        0x000000000800014c        0x0
 .rel.iplt      0x000000000800014c        0x0 main.o

.data           0x0000000020000000       0x10 load address 0x000000000800014c
                0x0000000020000000                _S_DATA = .
 *(.data)
 .data          0x0000000020000000       0x10 main.o
                0x0000000020000000                R_ODR
                0x0000000020000004                global_variables
 .data          0x0000000020000010        0x0 startup.o
                0x0000000020000010                . = ALIGN (0x4)
                0x0000000020000010                _E_DATA = .

.igot.plt       0x0000000020000010        0x0 load address 0x000000000800015c
 .igot.plt      0x0000000020000010        0x0 main.o

.bss            0x0000000020000010     0x1000 load address 0x000000000800015c
                0x0000000020000010                _S_bss = .
 *(.bss*)
 .bss           0x0000000020000010        0x0 main.o
 .bss           0x0000000020000010        0x0 startup.o
                0x0000000020000010                _E_bss = .
                0x0000000020000010                . = ALIGN (0x4)
                0x0000000020001010                . = (. + 0x1000)
 *fill*         0x0000000020000010     0x1000 
                0x0000000020001010                _stack_top = .
LOAD main.o
LOAD startup.o
OUTPUT(Nouran-cortex_m3.elf elf32-littlearm)

.debug_info     0x0000000000000000      0x318
 .debug_info    0x0000000000000000      0x1ac main.o
 .debug_info    0x00000000000001ac      0x16c startup.o

.debug_abbrev   0x0000000000000000      0x1bd
 .debug_abbrev  0x0000000000000000       0xfd main.o
 .debug_abbrev  0x00000000000000fd       0xc0 startup.o

.debug_loc      0x0000000000000000      0x13c
 .debug_loc     0x0000000000000000       0xc0 main.o
 .debug_loc     0x00000000000000c0       0x7c startup.o

.debug_aranges  0x0000000000000000       0x40
 .debug_aranges
                0x0000000000000000       0x20 main.o
 .debug_aranges
                0x0000000000000020       0x20 startup.o

.debug_line     0x0000000000000000       0xed
 .debug_line    0x0000000000000000       0x70 main.o
 .debug_line    0x0000000000000070       0x7d startup.o

.debug_str      0x0000000000000000      0x1f1
 .debug_str     0x0000000000000000      0x17e main.o
                                        0x1a5 (size before relaxing)
 .debug_str     0x000000000000017e       0x73 startup.o
                                        0x1ae (size before relaxing)

.comment        0x0000000000000000       0x7b
 .comment       0x0000000000000000       0x7b main.o
                                         0x7c (size before relaxing)
 .comment       0x000000000000007b       0x7c startup.o

.ARM.attributes
                0x0000000000000000       0x33
 .ARM.attributes
                0x0000000000000000       0x33 main.o
 .ARM.attributes
                0x0000000000000033       0x33 startup.o

.debug_frame    0x0000000000000000       0xbc
 .debug_frame   0x0000000000000000       0x6c main.o
 .debug_frame   0x000000000000006c       0x50 startup.o
